[metropolitanhost.com/themes/themeforest/html/trickly/index.html]
[backblue.gif]
[fade.gif]
[index.html]
[metropolitanhost.com/themes/themeforest/html/trickly/favicon.ico]
[metropolitanhost.com/themes/themeforest/html/trickly/assets/img/sidebar-cta.jpg]
[metropolitanhost.com/themes/themeforest/html/trickly/shop.html]
[metropolitanhost.com/themes/themeforest/html/trickly/blog-details.html]
[metropolitanhost.com/themes/themeforest/html/trickly/assets/img/blog/sm/1.jpg]
[metropolitanhost.com/themes/themeforest/html/trickly/assets/img/blog/sm/2.jpg]
[metropolitanhost.com/themes/themeforest/html/trickly/assets/img/blog/sm/3.jpg]
[metropolitanhost.com/themes/themeforest/html/trickly/assets/img/blog/sm/4.jpg]
[metropolitanhost.com/themes/themeforest/html/trickly/assets/img/logo.png]
[metropolitanhost.com/themes/themeforest/html/trickly/home-v2.html]
[metropolitanhost.com/themes/themeforest/html/trickly/blog-grid.html]
[metropolitanhost.com/themes/themeforest/html/trickly/cart.html]
[metropolitanhost.com/themes/themeforest/html/trickly/checkout.html]
[metropolitanhost.com/themes/themeforest/html/trickly/product-details.html]
[metropolitanhost.com/themes/themeforest/html/trickly/recipe-grid.html]
[metropolitanhost.com/themes/themeforest/html/trickly/recipe-details.html]
[metropolitanhost.com/themes/themeforest/html/trickly/recipe-categories.html]
[metropolitanhost.com/themes/themeforest/html/trickly/recipe-authors.html]
[metropolitanhost.com/themes/themeforest/html/trickly/recipe-submit.html]
[metropolitanhost.com/themes/themeforest/html/trickly/contact-us.html]
[metropolitanhost.com/themes/themeforest/html/trickly/team.html]
[metropolitanhost.com/themes/themeforest/html/trickly/assets/img/categories/3.jpg]
[metropolitanhost.com/themes/themeforest/html/trickly/assets/img/categories/2.jpg]
[metropolitanhost.com/themes/themeforest/html/trickly/assets/img/banners/2.jpg]
[metropolitanhost.com/themes/themeforest/html/trickly/assets/img/banners/3.jpg]
[metropolitanhost.com/themes/themeforest/html/trickly/assets/img/banners/4.jpg]
[metropolitanhost.com/themes/themeforest/html/trickly/assets/img/categories/lg/1.jpg]
[metropolitanhost.com/themes/themeforest/html/trickly/assets/img/categories/lg/2.jpg]
[metropolitanhost.com/themes/themeforest/html/trickly/assets/img/categories/lg/3.jpg]
[metropolitanhost.com/themes/themeforest/html/trickly/assets/img/categories/lg/4.jpg]
[metropolitanhost.com/themes/themeforest/html/trickly/assets/img/recipes/1.jpg]
[metropolitanhost.com/themes/themeforest/html/trickly/assets/img/recipes/2.jpg]
[metropolitanhost.com/themes/themeforest/html/trickly/assets/img/recipes/3.jpg]
[metropolitanhost.com/themes/themeforest/html/trickly/assets/img/recipes/4.jpg]
[metropolitanhost.com/themes/themeforest/html/trickly/assets/img/recipes/5.jpg]
[metropolitanhost.com/themes/themeforest/html/trickly/assets/img/recipes/6.jpg]
[metropolitanhost.com/themes/themeforest/html/trickly/assets/img/recipes/7.jpg]
[metropolitanhost.com/themes/themeforest/html/trickly/assets/img/recipes/lg/1.jpg]
[metropolitanhost.com/themes/themeforest/html/trickly/assets/img/recipes/lg/2.jpg]
[metropolitanhost.com/themes/themeforest/html/trickly/assets/img/recipes/lg/3.jpg]
[metropolitanhost.com/themes/themeforest/html/trickly/assets/img/recipes/lg/4.jpg]
[metropolitanhost.com/themes/themeforest/html/trickly/assets/img/recipes/video/1.jpg]
[metropolitanhost.com/themes/themeforest/html/trickly/assets/img/recipes/video/2.jpg]
[metropolitanhost.com/themes/themeforest/html/trickly/assets/img/recipes/video/3.jpg]
[metropolitanhost.com/themes/themeforest/html/trickly/assets/img/recipes/video/4.jpg]
[metropolitanhost.com/themes/themeforest/html/trickly/assets/img/recipes/video/5.jpg]
[metropolitanhost.com/themes/themeforest/html/trickly/assets/img/recipes/lg/5.jpg]
[metropolitanhost.com/themes/themeforest/html/trickly/assets/img/recipes/lg/6.jpg]
[metropolitanhost.com/themes/themeforest/html/trickly/assets/img/sidebar-cta-2.jpg]
[metropolitanhost.com/themes/themeforest/html/trickly/assets/img/authors/1.jpg]
[metropolitanhost.com/themes/themeforest/html/trickly/assets/img/people/1.png]
[metropolitanhost.com/themes/themeforest/html/trickly/assets/img/people/2.png]
[metropolitanhost.com/themes/themeforest/html/trickly/assets/img/people/3.png]
[metropolitanhost.com/themes/themeforest/html/trickly/assets/img/ig/1.jpg]
[metropolitanhost.com/themes/themeforest/html/trickly/assets/img/ig/2.jpg]
[metropolitanhost.com/themes/themeforest/html/trickly/assets/img/ig/3.jpg]
[metropolitanhost.com/themes/themeforest/html/trickly/assets/img/ig/4.jpg]
[metropolitanhost.com/themes/themeforest/html/trickly/assets/img/ig/5.jpg]
[metropolitanhost.com/themes/themeforest/html/trickly/assets/img/ig/6.jpg]
[metropolitanhost.com/themes/themeforest/html/trickly/assets/img/logo-light.png]
[metropolitanhost.com/themes/themeforest/html/trickly/recipe-details]
[metropolitanhost.com/themes/themeforest/html/trickly/assets/js/plugins/jquery-3.4.1.min.js]
[metropolitanhost.com/themes/themeforest/html/trickly/assets/js/plugins/popper.min.js]
[metropolitanhost.com/themes/themeforest/html/trickly/assets/js/plugins/waypoint.js]
[metropolitanhost.com/themes/themeforest/html/trickly/assets/js/plugins/bootstrap.min.js]
[metropolitanhost.com/themes/themeforest/html/trickly/assets/js/plugins/jquery.magnific-popup.min.js]
[metropolitanhost.com/themes/themeforest/html/trickly/assets/js/plugins/jquery.slimScroll.min.js]
[metropolitanhost.com/themes/themeforest/html/trickly/assets/js/plugins/imagesloaded.min.js]
[metropolitanhost.com/themes/themeforest/html/trickly/assets/js/plugins/jquery.steps.min.js]
[metropolitanhost.com/themes/themeforest/html/trickly/assets/js/plugins/jquery.countdown.min.js]
[metropolitanhost.com/themes/themeforest/html/trickly/assets/js/plugins/isotope.pkgd.min.js]
[metropolitanhost.com/themes/themeforest/html/trickly/assets/js/plugins/slick.min.js]
[metropolitanhost.com/themes/themeforest/html/trickly/assets/js/plugins/ion.rangeSlider.min.js]
[metropolitanhost.com/themes/themeforest/html/trickly/assets/js/plugins/jquery.zoom.min.js]
[metropolitanhost.com/themes/themeforest/html/trickly/assets/js/main.js]
[metropolitanhost.com/themes/themeforest/html/trickly/index.html]
[metropolitanhost.com/themes/themeforest/html/trickly/assets/css/plugins/bootstrap.min.css]
[metropolitanhost.com/themes/themeforest/html/trickly/assets/css/plugins/animate.min.css]
[metropolitanhost.com/themes/themeforest/html/trickly/assets/css/plugins/magnific-popup.css]
[metropolitanhost.com/themes/themeforest/html/trickly/assets/css/plugins/slick.css]
[metropolitanhost.com/themes/themeforest/html/trickly/assets/css/plugins/slick-theme.css]
[metropolitanhost.com/themes/themeforest/html/trickly/assets/css/plugins/ion.rangeSlider.min.css]
[metropolitanhost.com/themes/themeforest/html/trickly/assets/fonts/flaticon/Flaticon.eot]
[metropolitanhost.com/themes/themeforest/html/trickly/assets/fonts/flaticon/Flaticond41d.eot]
[metropolitanhost.com/themes/themeforest/html/trickly/assets/fonts/flaticon/Flaticon.woff2]
[metropolitanhost.com/themes/themeforest/html/trickly/assets/fonts/flaticon/Flaticon.woff]
[metropolitanhost.com/themes/themeforest/html/trickly/assets/fonts/flaticon/Flaticon.ttf]
[metropolitanhost.com/themes/themeforest/html/trickly/assets/fonts/flaticon/flaticon.css]
[metropolitanhost.com/themes/themeforest/html/trickly/assets/fonts/font-awesome/webfonts/fa-brands-400.eot]
[metropolitanhost.com/themes/themeforest/html/trickly/assets/fonts/font-awesome/webfonts/fa-brands-400d41d.eot]
[metropolitanhost.com/themes/themeforest/html/trickly/assets/fonts/font-awesome/webfonts/fa-brands-400.woff2]
[metropolitanhost.com/themes/themeforest/html/trickly/assets/fonts/font-awesome/webfonts/fa-brands-400.woff]
[metropolitanhost.com/themes/themeforest/html/trickly/assets/fonts/font-awesome/webfonts/fa-brands-400.ttf]
[metropolitanhost.com/themes/themeforest/html/trickly/assets/fonts/font-awesome/webfonts/fa-light-300.eot]
[metropolitanhost.com/themes/themeforest/html/trickly/assets/fonts/font-awesome/webfonts/fa-light-300d41d.eot]
[metropolitanhost.com/themes/themeforest/html/trickly/assets/fonts/font-awesome/webfonts/fa-light-300.woff2]
[metropolitanhost.com/themes/themeforest/html/trickly/assets/fonts/font-awesome/webfonts/fa-light-300.woff]
[metropolitanhost.com/themes/themeforest/html/trickly/assets/fonts/font-awesome/webfonts/fa-light-300.ttf]
[metropolitanhost.com/themes/themeforest/html/trickly/assets/fonts/font-awesome/webfonts/fa-regular-400.eot]
[metropolitanhost.com/themes/themeforest/html/trickly/assets/fonts/font-awesome/webfonts/fa-regular-400d41d.eot]
[metropolitanhost.com/themes/themeforest/html/trickly/assets/fonts/font-awesome/webfonts/fa-regular-400.woff2]
[metropolitanhost.com/themes/themeforest/html/trickly/assets/fonts/font-awesome/webfonts/fa-regular-400.woff]
[metropolitanhost.com/themes/themeforest/html/trickly/assets/fonts/font-awesome/webfonts/fa-regular-400.ttf]
[metropolitanhost.com/themes/themeforest/html/trickly/assets/fonts/font-awesome/webfonts/fa-solid-900.eot]
[metropolitanhost.com/themes/themeforest/html/trickly/assets/fonts/font-awesome/webfonts/fa-solid-900d41d.eot]
[metropolitanhost.com/themes/themeforest/html/trickly/assets/fonts/font-awesome/webfonts/fa-solid-900.woff2]
[metropolitanhost.com/themes/themeforest/html/trickly/assets/fonts/font-awesome/webfonts/fa-solid-900.woff]
[metropolitanhost.com/themes/themeforest/html/trickly/assets/fonts/font-awesome/webfonts/fa-solid-900.ttf]
[metropolitanhost.com/themes/themeforest/html/trickly/assets/fonts/font-awesome/css/font-awesome.min.css]
[metropolitanhost.com/themes/themeforest/html/trickly/assets/fonts/TrashHand.ttf]
[metropolitanhost.com/themes/themeforest/html/trickly/assets/css/style.css]
[metropolitanhost.com/themes/themeforest/html/trickly/assets/img/subheader.jpg]
[metropolitanhost.com/themes/themeforest/html/trickly/assets/img/products/2.jpg]
[metropolitanhost.com/themes/themeforest/html/trickly/assets/img/products/3.jpg]
[metropolitanhost.com/themes/themeforest/html/trickly/assets/img/products/1.jpg]
[metropolitanhost.com/themes/themeforest/html/trickly/assets/img/products/4.jpg]
[metropolitanhost.com/themes/themeforest/html/trickly/assets/img/products/5.jpg]
[metropolitanhost.com/themes/themeforest/html/trickly/assets/img/products/6.jpg]
[metropolitanhost.com/themes/themeforest/html/trickly/shop.html]
[metropolitanhost.com/themes/themeforest/html/trickly/assets/img/blog/1-lg.jpg]
[metropolitanhost.com/themes/themeforest/html/trickly/assets/img/blog/7.jpg]
[metropolitanhost.com/themes/themeforest/html/trickly/assets/img/blog/8.jpg]
[metropolitanhost.com/themes/themeforest/html/trickly/assets/img/blog/3.jpg]
[metropolitanhost.com/themes/themeforest/html/trickly/assets/img/blog/4.jpg]
[metropolitanhost.com/themes/themeforest/html/trickly/blog-details.html]
[metropolitanhost.com/themes/themeforest/html/trickly/assets/img/banners/1.jpg]
[metropolitanhost.com/themes/themeforest/html/trickly/assets/img/recipes/home-2/1.jpg]
[metropolitanhost.com/themes/themeforest/html/trickly/assets/img/recipes/home-2/2.jpg]
[metropolitanhost.com/themes/themeforest/html/trickly/assets/img/recipes/video/6.jpg]
[metropolitanhost.com/themes/themeforest/html/trickly/assets/img/recipes/list/1.jpg]
[metropolitanhost.com/themes/themeforest/html/trickly/assets/img/recipes/list/2.jpg]
[metropolitanhost.com/themes/themeforest/html/trickly/assets/img/recipes/list/3.jpg]
[metropolitanhost.com/themes/themeforest/html/trickly/home-v2.html]
[metropolitanhost.com/themes/themeforest/html/trickly/assets/img/blog/1.jpg]
[metropolitanhost.com/themes/themeforest/html/trickly/assets/img/blog/2.jpg]
[metropolitanhost.com/themes/themeforest/html/trickly/assets/img/blog/5.jpg]
[metropolitanhost.com/themes/themeforest/html/trickly/assets/img/blog/6.jpg]
[metropolitanhost.com/themes/themeforest/html/trickly/blog-grid.html]
[metropolitanhost.com/themes/themeforest/html/trickly/cart.html]
[metropolitanhost.com/themes/themeforest/html/trickly/checkout.html]
[metropolitanhost.com/themes/themeforest/html/trickly/product-details.html]
[metropolitanhost.com/themes/themeforest/html/trickly/assets/img/recipes/8.jpg]
[metropolitanhost.com/themes/themeforest/html/trickly/assets/img/recipes/9.jpg]
[metropolitanhost.com/themes/themeforest/html/trickly/recipe-grid.html]
[metropolitanhost.com/themes/themeforest/html/trickly/assets/img/recipe/1.jpg]
[metropolitanhost.com/themes/themeforest/html/trickly/assets/img/recipe/2.jpg]
[metropolitanhost.com/themes/themeforest/html/trickly/assets/img/recipe/3.jpg]
[metropolitanhost.com/themes/themeforest/html/trickly/recipe-details.html]
[metropolitanhost.com/themes/themeforest/html/trickly/assets/img/categories/1.jpg]
[metropolitanhost.com/themes/themeforest/html/trickly/assets/img/categories/4.jpg]
[metropolitanhost.com/themes/themeforest/html/trickly/assets/img/categories/5.jpg]
[metropolitanhost.com/themes/themeforest/html/trickly/assets/img/categories/6.jpg]
[metropolitanhost.com/themes/themeforest/html/trickly/assets/img/categories/7.jpg]
[metropolitanhost.com/themes/themeforest/html/trickly/assets/img/categories/8.jpg]
[metropolitanhost.com/themes/themeforest/html/trickly/assets/img/categories/9.jpg]
[metropolitanhost.com/themes/themeforest/html/trickly/recipe-categories.html]
[metropolitanhost.com/themes/themeforest/html/trickly/assets/img/authors/2.jpg]
[metropolitanhost.com/themes/themeforest/html/trickly/assets/img/authors/3.jpg]
[metropolitanhost.com/themes/themeforest/html/trickly/assets/img/authors/4.jpg]
[metropolitanhost.com/themes/themeforest/html/trickly/assets/img/authors/5.jpg]
[metropolitanhost.com/themes/themeforest/html/trickly/assets/img/authors/6.jpg]
[metropolitanhost.com/themes/themeforest/html/trickly/assets/img/authors/7.jpg]
[metropolitanhost.com/themes/themeforest/html/trickly/assets/img/authors/8.jpg]
[metropolitanhost.com/themes/themeforest/html/trickly/assets/img/authors/9.jpg]
[metropolitanhost.com/themes/themeforest/html/trickly/recipe-authors.html]
[metropolitanhost.com/themes/themeforest/html/trickly/recipe-submit.html]
[metropolitanhost.com/themes/themeforest/html/trickly/contact-us.html]
[metropolitanhost.com/themes/themeforest/html/trickly/assets/img/team/2.jpg]
[metropolitanhost.com/themes/themeforest/html/trickly/assets/img/team/1.jpg]
[metropolitanhost.com/themes/themeforest/html/trickly/assets/img/team/3.jpg]
[metropolitanhost.com/themes/themeforest/html/trickly/assets/img/team/4.jpg]
[metropolitanhost.com/themes/themeforest/html/trickly/assets/img/team/5.jpg]
[metropolitanhost.com/themes/themeforest/html/trickly/assets/img/team/6.jpg]
[metropolitanhost.com/themes/themeforest/html/trickly/assets/img/team/7.jpg]
[metropolitanhost.com/themes/themeforest/html/trickly/assets/img/team/8.jpg]
[metropolitanhost.com/themes/themeforest/html/trickly/assets/img/team/9.jpg]
[metropolitanhost.com/themes/themeforest/html/trickly/team.html]
[metropolitanhost.com/themes/themeforest/html/trickly/recipe-details-2.html]
[metropolitanhost.com/themes/themeforest/html/trickly/assets/fonts/flaticon/Flaticon.svg]
[metropolitanhost.com/themes/themeforest/html/trickly/assets/fonts/font-awesome/webfonts/fa-brands-400.svg]
[metropolitanhost.com/themes/themeforest/html/trickly/assets/fonts/font-awesome/webfonts/fa-light-300.svg]
[metropolitanhost.com/themes/themeforest/html/trickly/assets/fonts/font-awesome/webfonts/fa-regular-400.svg]
[metropolitanhost.com/themes/themeforest/html/trickly/assets/fonts/font-awesome/webfonts/fa-solid-900.svg]
